Archive member included to satisfy reference by file (symbol)

/usr/lib/gcc/avr/7.3.0/avr5/libgcc.a(_divmodsi4.o)
                              ./Hal/LCD/LCD_Program.o (__divmodsi4)
/usr/lib/gcc/avr/7.3.0/avr5/libgcc.a(_negsi2.o)
                              /usr/lib/gcc/avr/7.3.0/avr5/libgcc.a(_divmodsi4.o) (__negsi2)
/usr/lib/gcc/avr/7.3.0/avr5/libgcc.a(_exit.o)
                              /usr/lib/gcc/avr/7.3.0/../../../avr/lib/avr5/crtatmega32.o (exit)
/usr/lib/gcc/avr/7.3.0/avr5/libgcc.a(_copy_data.o)
                              ./Mcal/Timer0/T0_Program.o (__do_copy_data)
/usr/lib/gcc/avr/7.3.0/avr5/libgcc.a(_clear_bss.o)
                              ./Mcal/Timer0/T0_Program.o (__do_clear_bss)
/usr/lib/gcc/avr/7.3.0/avr5/libgcc.a(_udivmodsi4.o)
                              /usr/lib/gcc/avr/7.3.0/avr5/libgcc.a(_divmodsi4.o) (__udivmodsi4)
/usr/lib/gcc/avr/7.3.0/../../../avr/lib/avr5/libm.a(cmpsf2.o)
                              ./Hal/LCD/LCD_Program.o (__ltsf2)
/usr/lib/gcc/avr/7.3.0/../../../avr/lib/avr5/libm.a(fixunssfsi.o)
                              ./Hal/LCD/LCD_Program.o (__fixunssfsi)
/usr/lib/gcc/avr/7.3.0/../../../avr/lib/avr5/libm.a(fp_cmp.o)
                              /usr/lib/gcc/avr/7.3.0/../../../avr/lib/avr5/libm.a(cmpsf2.o) (__fp_cmp)
/usr/lib/gcc/avr/7.3.0/../../../avr/lib/avr5/libm.a(fp_split3.o)
                              /usr/lib/gcc/avr/7.3.0/../../../avr/lib/avr5/libm.a(fixunssfsi.o) (__fp_splitA)
/usr/lib/gcc/avr/7.3.0/../../../avr/lib/avr5/libm.a(fp_zero.o)
                              /usr/lib/gcc/avr/7.3.0/../../../avr/lib/avr5/libm.a(fixunssfsi.o) (__fp_zero)
/usr/lib/gcc/avr/7.3.0/../../../avr/lib/avr5/libm.a(gesf2.o)
                              ./Hal/LCD/LCD_Program.o (__gtsf2)
/usr/lib/gcc/avr/7.3.0/../../../avr/lib/avr5/libm.a(mulsf3.o)
                              ./Hal/LCD/LCD_Program.o (__mulsf3)
/usr/lib/gcc/avr/7.3.0/../../../avr/lib/avr5/libm.a(mulsf3x.o)
                              /usr/lib/gcc/avr/7.3.0/../../../avr/lib/avr5/libm.a(mulsf3.o) (__mulsf3x)
/usr/lib/gcc/avr/7.3.0/../../../avr/lib/avr5/libm.a(fp_inf.o)
                              /usr/lib/gcc/avr/7.3.0/../../../avr/lib/avr5/libm.a(mulsf3x.o) (__fp_inf)
/usr/lib/gcc/avr/7.3.0/../../../avr/lib/avr5/libm.a(fp_nan.o)
                              /usr/lib/gcc/avr/7.3.0/../../../avr/lib/avr5/libm.a(mulsf3x.o) (__fp_nan)
/usr/lib/gcc/avr/7.3.0/../../../avr/lib/avr5/libm.a(fp_pscA.o)
                              /usr/lib/gcc/avr/7.3.0/../../../avr/lib/avr5/libm.a(mulsf3x.o) (__fp_pscA)
/usr/lib/gcc/avr/7.3.0/../../../avr/lib/avr5/libm.a(fp_pscB.o)
                              /usr/lib/gcc/avr/7.3.0/../../../avr/lib/avr5/libm.a(mulsf3x.o) (__fp_pscB)
/usr/lib/gcc/avr/7.3.0/../../../avr/lib/avr5/libm.a(fp_round.o)
                              /usr/lib/gcc/avr/7.3.0/../../../avr/lib/avr5/libm.a(mulsf3.o) (__fp_round)

Memory Configuration

Name             Origin             Length             Attributes
text             0x0000000000000000 0x0000000000008000 xr
data             0x0000000000800060 0x0000000000000800 rw !x
eeprom           0x0000000000810000 0x0000000000000400 rw !x
fuse             0x0000000000820000 0x0000000000000002 rw !x
lock             0x0000000000830000 0x0000000000000400 rw !x
signature        0x0000000000840000 0x0000000000000400 rw !x
user_signatures  0x0000000000850000 0x0000000000000400 rw !x
*default*        0x0000000000000000 0xffffffffffffffff

Linker script and memory map

LOAD /usr/lib/gcc/avr/7.3.0/../../../avr/lib/avr5/crtatmega32.o
LOAD ./Mcal/Timer0/T0_Program.o
LOAD ./Mcal/GIE/GIE_Program.o
LOAD ./Mcal/EXTI/EXTI_Progrma.o
LOAD ./Mcal/DIO/DIO_Program.o
LOAD ./Mcal/ADC/ADC_Program.o
LOAD ./Hal/SevSeg/SevSeg_Program.o
LOAD ./Hal/Led/Led_Program.o
LOAD ./Hal/LCD/LCD_Program.o
LOAD ./Hal/KPD/KPD_Program.o
LOAD ./Hal/DcMotor/DcMotor_Program.o
LOAD ./Hal/Buzzer/Buzzer_Program.o
LOAD ./Hal/Button/Btn_Program.o
LOAD ./App/App1/App.o
LOAD ./main.o
START GROUP
LOAD /usr/lib/gcc/avr/7.3.0/avr5/libgcc.a
LOAD /usr/lib/gcc/avr/7.3.0/../../../avr/lib/avr5/libm.a
LOAD /usr/lib/gcc/avr/7.3.0/../../../avr/lib/avr5/libc.a
LOAD /usr/lib/gcc/avr/7.3.0/../../../avr/lib/avr5/libatmega32.a
END GROUP
                0x0000000000000000                __TEXT_REGION_ORIGIN__ = DEFINED (__TEXT_REGION_ORIGIN__)?__TEXT_REGION_ORIGIN__:0x0
                [0x0000000000800060]                __DATA_REGION_ORIGIN__ = DEFINED (__DATA_REGION_ORIGIN__)?__DATA_REGION_ORIGIN__:0x800060
                [0x0000000000008000]                __TEXT_REGION_LENGTH__ = DEFINED (__TEXT_REGION_LENGTH__)?__TEXT_REGION_LENGTH__:0x20000
                [0x0000000000000800]                __DATA_REGION_LENGTH__ = DEFINED (__DATA_REGION_LENGTH__)?__DATA_REGION_LENGTH__:0xffa0
                [0x0000000000000400]                __EEPROM_REGION_LENGTH__ = DEFINED (__EEPROM_REGION_LENGTH__)?__EEPROM_REGION_LENGTH__:0x10000
                [0x0000000000000002]                __FUSE_REGION_LENGTH__ = DEFINED (__FUSE_REGION_LENGTH__)?__FUSE_REGION_LENGTH__:0x400
                0x0000000000000400                __LOCK_REGION_LENGTH__ = DEFINED (__LOCK_REGION_LENGTH__)?__LOCK_REGION_LENGTH__:0x400
                0x0000000000000400                __SIGNATURE_REGION_LENGTH__ = DEFINED (__SIGNATURE_REGION_LENGTH__)?__SIGNATURE_REGION_LENGTH__:0x400
                0x0000000000000400                __USER_SIGNATURE_REGION_LENGTH__ = DEFINED (__USER_SIGNATURE_REGION_LENGTH__)?__USER_SIGNATURE_REGION_LENGTH__:0x400

.hash
 *(.hash)

.dynsym
 *(.dynsym)

.dynstr
 *(.dynstr)

.gnu.version
 *(.gnu.version)

.gnu.version_d
 *(.gnu.version_d)

.gnu.version_r
 *(.gnu.version_r)

.rel.init
 *(.rel.init)

.rela.init
 *(.rela.init)

.rel.text
 *(.rel.text)
 *(.rel.text.*)
 *(.rel.gnu.linkonce.t*)

.rela.text
 *(.rela.text)
 *(.rela.text.*)
 *(.rela.gnu.linkonce.t*)

.rel.fini
 *(.rel.fini)

.rela.fini
 *(.rela.fini)

.rel.rodata
 *(.rel.rodata)
 *(.rel.rodata.*)
 *(.rel.gnu.linkonce.r*)

.rela.rodata
 *(.rela.rodata)
 *(.rela.rodata.*)
 *(.rela.gnu.linkonce.r*)

.rel.data
 *(.rel.data)
 *(.rel.data.*)
 *(.rel.gnu.linkonce.d*)

.rela.data
 *(.rela.data)
 *(.rela.data.*)
 *(.rela.gnu.linkonce.d*)

.rel.ctors
 *(.rel.ctors)

.rela.ctors
 *(.rela.ctors)

.rel.dtors
 *(.rel.dtors)

.rela.dtors
 *(.rela.dtors)

.rel.got
 *(.rel.got)

.rela.got
 *(.rela.got)

.rel.bss
 *(.rel.bss)

.rela.bss
 *(.rela.bss)

.rel.plt
 *(.rel.plt)

.rela.plt
 *(.rela.plt)

.text           0x0000000000000000     0x2348
 *(.vectors)
 .vectors       0x0000000000000000       0x54 /usr/lib/gcc/avr/7.3.0/../../../avr/lib/avr5/crtatmega32.o
                0x0000000000000000                __vectors
                0x0000000000000000                __vector_default
 *(.vectors)
 *(.progmem.gcc*)
                0x0000000000000054                . = ALIGN (0x2)
                0x0000000000000054                __trampolines_start = .
 *(.trampolines)
 .trampolines   0x0000000000000054        0x0 linker stubs
 *(.trampolines*)
                0x0000000000000054                __trampolines_end = .
 *libprintf_flt.a:*(.progmem.data)
 *libc.a:*(.progmem.data)
 *(.progmem*)
                0x0000000000000054                . = ALIGN (0x2)
 *(.jumptables)
 *(.jumptables*)
 *(.lowtext)
 *(.lowtext*)
                0x0000000000000054                __ctors_start = .
 *(.ctors)
                0x0000000000000054                __ctors_end = .
                0x0000000000000054                __dtors_start = .
 *(.dtors)
                0x0000000000000054                __dtors_end = .
 SORT(*)(.ctors)
 SORT(*)(.dtors)
 *(.init0)
 .init0         0x0000000000000054        0x0 /usr/lib/gcc/avr/7.3.0/../../../avr/lib/avr5/crtatmega32.o
                0x0000000000000054                __init
 *(.init0)
 *(.init1)
 *(.init1)
 *(.init2)
 .init2         0x0000000000000054        0xc /usr/lib/gcc/avr/7.3.0/../../../avr/lib/avr5/crtatmega32.o
 *(.init2)
 *(.init3)
 *(.init3)
 *(.init4)
 .init4         0x0000000000000060       0x16 /usr/lib/gcc/avr/7.3.0/avr5/libgcc.a(_copy_data.o)
                0x0000000000000060                __do_copy_data
 .init4         0x0000000000000076       0x10 /usr/lib/gcc/avr/7.3.0/avr5/libgcc.a(_clear_bss.o)
                0x0000000000000076                __do_clear_bss
 *(.init4)
 *(.init5)
 *(.init5)
 *(.init6)
 *(.init6)
 *(.init7)
 *(.init7)
 *(.init8)
 *(.init8)
 *(.init9)
 .init9         0x0000000000000086        0x8 /usr/lib/gcc/avr/7.3.0/../../../avr/lib/avr5/crtatmega32.o
 *(.init9)
 *(.text)
 .text          0x000000000000008e        0x4 /usr/lib/gcc/avr/7.3.0/../../../avr/lib/avr5/crtatmega32.o
                0x000000000000008e                __vector_12
                0x000000000000008e                __bad_interrupt
                0x000000000000008e                __vector_6
                0x000000000000008e                __vector_13
                0x000000000000008e                __vector_17
                0x000000000000008e                __vector_19
                0x000000000000008e                __vector_7
                0x000000000000008e                __vector_5
                0x000000000000008e                __vector_4
                0x000000000000008e                __vector_9
                0x000000000000008e                __vector_15
                0x000000000000008e                __vector_8
                0x000000000000008e                __vector_14
                0x000000000000008e                __vector_10
                0x000000000000008e                __vector_16
                0x000000000000008e                __vector_18
                0x000000000000008e                __vector_20
 .text          0x0000000000000092        0x0 ./Mcal/Timer0/T0_Program.o
 .text          0x0000000000000092        0x0 ./Mcal/GIE/GIE_Program.o
 .text          0x0000000000000092        0x0 ./Mcal/EXTI/EXTI_Progrma.o
 .text          0x0000000000000092        0x0 ./Mcal/DIO/DIO_Program.o
 .text          0x0000000000000092        0x0 ./Mcal/ADC/ADC_Program.o
 .text          0x0000000000000092        0x0 ./Hal/SevSeg/SevSeg_Program.o
 .text          0x0000000000000092        0x0 ./Hal/Led/Led_Program.o
 .text          0x0000000000000092        0x0 ./Hal/LCD/LCD_Program.o
 .text          0x0000000000000092        0x0 ./Hal/KPD/KPD_Program.o
 .text          0x0000000000000092        0x0 ./Hal/DcMotor/DcMotor_Program.o
 .text          0x0000000000000092        0x0 ./Hal/Buzzer/Buzzer_Program.o
 .text          0x0000000000000092        0x0 ./Hal/Button/Btn_Program.o
 .text          0x0000000000000092        0x0 ./App/App1/App.o
 .text          0x0000000000000092        0x0 ./main.o
 .text          0x0000000000000092        0x0 /usr/lib/gcc/avr/7.3.0/avr5/libgcc.a(_divmodsi4.o)
 .text          0x0000000000000092        0x0 /usr/lib/gcc/avr/7.3.0/avr5/libgcc.a(_negsi2.o)
 .text          0x0000000000000092        0x0 /usr/lib/gcc/avr/7.3.0/avr5/libgcc.a(_exit.o)
 .text          0x0000000000000092        0x0 /usr/lib/gcc/avr/7.3.0/avr5/libgcc.a(_copy_data.o)
 .text          0x0000000000000092        0x0 /usr/lib/gcc/avr/7.3.0/avr5/libgcc.a(_clear_bss.o)
 .text          0x0000000000000092        0x0 /usr/lib/gcc/avr/7.3.0/avr5/libgcc.a(_udivmodsi4.o)
 .text          0x0000000000000092        0x0 /usr/lib/gcc/avr/7.3.0/../../../avr/lib/avr5/libm.a(cmpsf2.o)
 .text          0x0000000000000092        0x0 /usr/lib/gcc/avr/7.3.0/../../../avr/lib/avr5/libm.a(fixunssfsi.o)
 .text          0x0000000000000092        0x0 /usr/lib/gcc/avr/7.3.0/../../../avr/lib/avr5/libm.a(fp_cmp.o)
 .text          0x0000000000000092        0x0 /usr/lib/gcc/avr/7.3.0/../../../avr/lib/avr5/libm.a(fp_split3.o)
 .text          0x0000000000000092        0x0 /usr/lib/gcc/avr/7.3.0/../../../avr/lib/avr5/libm.a(fp_zero.o)
 .text          0x0000000000000092        0x0 /usr/lib/gcc/avr/7.3.0/../../../avr/lib/avr5/libm.a(gesf2.o)
 .text          0x0000000000000092        0x0 /usr/lib/gcc/avr/7.3.0/../../../avr/lib/avr5/libm.a(mulsf3.o)
 .text          0x0000000000000092        0x0 /usr/lib/gcc/avr/7.3.0/../../../avr/lib/avr5/libm.a(mulsf3x.o)
 .text          0x0000000000000092        0x0 /usr/lib/gcc/avr/7.3.0/../../../avr/lib/avr5/libm.a(fp_inf.o)
 .text          0x0000000000000092        0x0 /usr/lib/gcc/avr/7.3.0/../../../avr/lib/avr5/libm.a(fp_nan.o)
 .text          0x0000000000000092        0x0 /usr/lib/gcc/avr/7.3.0/../../../avr/lib/avr5/libm.a(fp_pscA.o)
 .text          0x0000000000000092        0x0 /usr/lib/gcc/avr/7.3.0/../../../avr/lib/avr5/libm.a(fp_pscB.o)
 .text          0x0000000000000092        0x0 /usr/lib/gcc/avr/7.3.0/../../../avr/lib/avr5/libm.a(fp_round.o)
                0x0000000000000092                . = ALIGN (0x2)
 *(.text.*)
 .text.T0_NormalInit
                0x0000000000000092       0x36 ./Mcal/Timer0/T0_Program.o
                0x0000000000000092                T0_NormalInit
 .text.T0_SetPreLoad
                0x00000000000000c8       0x2e ./Mcal/Timer0/T0_Program.o
                0x00000000000000c8                T0_SetPreLoad
 .text.T0_NormalCallBack
                0x00000000000000f6       0x2e ./Mcal/Timer0/T0_Program.o
                0x00000000000000f6                T0_NormalCallBack
 .text.__vector_11
                0x0000000000000124       0xc8 ./Mcal/Timer0/T0_Program.o
                0x0000000000000124                __vector_11
 .text.GIE_Enable
                0x00000000000001ec       0x22 ./Mcal/GIE/GIE_Program.o
                0x00000000000001ec                GIE_Enable
 .text.GIE_Disable
                0x000000000000020e       0x22 ./Mcal/GIE/GIE_Program.o
                0x000000000000020e                GIE_Disable
 .text.EXTI_Init
                0x0000000000000230       0x9e ./Mcal/EXTI/EXTI_Progrma.o
                0x0000000000000230                EXTI_Init
 .text.EXTI_Enable
                0x00000000000002ce       0x62 ./Mcal/EXTI/EXTI_Progrma.o
                0x00000000000002ce                EXTI_Enable
 .text.EXTI_Disable
                0x0000000000000330       0x62 ./Mcal/EXTI/EXTI_Progrma.o
                0x0000000000000330                EXTI_Disable
 .text.EXTI_CallBackFunction
                0x0000000000000392       0x64 ./Mcal/EXTI/EXTI_Progrma.o
                0x0000000000000392                EXTI_CallBackFunction
 .text.__vector_1
                0x00000000000003f6       0x6a ./Mcal/EXTI/EXTI_Progrma.o
                0x00000000000003f6                __vector_1
 .text.__vector_2
                0x0000000000000460       0x6a ./Mcal/EXTI/EXTI_Progrma.o
                0x0000000000000460                __vector_2
 .text.__vector_3
                0x00000000000004ca       0x6a ./Mcal/EXTI/EXTI_Progrma.o
                0x00000000000004ca                __vector_3
 .text.DIO_DirectionSelectForPin
                0x0000000000000534      0x1ec ./Mcal/DIO/DIO_Program.o
                0x0000000000000534                DIO_DirectionSelectForPin
 .text.DIO_DirectionSelectForGroup
                0x0000000000000720       0x6e ./Mcal/DIO/DIO_Program.o
                0x0000000000000720                DIO_DirectionSelectForGroup
 .text.DIO_WriteForGroup
                0x000000000000078e       0x6e ./Mcal/DIO/DIO_Program.o
                0x000000000000078e                DIO_WriteForGroup
 .text.DIO_WriteForPin
                0x00000000000007fc      0x1ee ./Mcal/DIO/DIO_Program.o
                0x00000000000007fc                DIO_WriteForPin
 .text.DIO_ReadInputForPin
                0x00000000000009ea      0x104 ./Mcal/DIO/DIO_Program.o
                0x00000000000009ea                DIO_ReadInputForPin
 .text.DIO_ReadInputForGroup
                0x0000000000000aee       0x94 ./Mcal/DIO/DIO_Program.o
                0x0000000000000aee                DIO_ReadInputForGroup
 .text.DIO_ToggleForPin
                0x0000000000000b82       0xf8 ./Mcal/DIO/DIO_Program.o
                0x0000000000000b82                DIO_ToggleForPin
 .text.DIO_ToggleForGroup
                0x0000000000000c7a       0x8a ./Mcal/DIO/DIO_Program.o
                0x0000000000000c7a                DIO_ToggleForGroup
 .text.DIO_InternalPullUpControl
                0x0000000000000d04       0x2a ./Mcal/DIO/DIO_Program.o
                0x0000000000000d04                DIO_InternalPullUpControl
 .text.ADC_Init
                0x0000000000000d2e       0x46 ./Mcal/ADC/ADC_Program.o
                0x0000000000000d2e                ADC_Init
 .text.ADC_DeInit
                0x0000000000000d74       0x10 ./Mcal/ADC/ADC_Program.o
                0x0000000000000d74                ADC_DeInit
 .text.ADC_Enable
                0x0000000000000d84       0x22 ./Mcal/ADC/ADC_Program.o
                0x0000000000000d84                ADC_Enable
 .text.ADC_Disable
                0x0000000000000da6       0x22 ./Mcal/ADC/ADC_Program.o
                0x0000000000000da6                ADC_Disable
 .text.ADC_EnableInterrupt
                0x0000000000000dc8       0x22 ./Mcal/ADC/ADC_Program.o
                0x0000000000000dc8                ADC_EnableInterrupt
 .text.ADC_DisableInterrupt
                0x0000000000000dea       0x22 ./Mcal/ADC/ADC_Program.o
                0x0000000000000dea                ADC_DisableInterrupt
 .text.ADC_SelectChannel
                0x0000000000000e0c       0x32 ./Mcal/ADC/ADC_Program.o
 .text.ADC_Read
                0x0000000000000e3e       0xb4 ./Mcal/ADC/ADC_Program.o
                0x0000000000000e3e                ADC_Read
 .text.ADC_GetStatus
                0x0000000000000ef2       0x12 ./Mcal/ADC/ADC_Program.o
                0x0000000000000ef2                ADC_GetStatus
 .text.SSD_Init
                0x0000000000000f04       0x34 ./Hal/SevSeg/SevSeg_Program.o
                0x0000000000000f04                SSD_Init
 .text.SSD_DisplayNo
                0x0000000000000f38       0x5a ./Hal/SevSeg/SevSeg_Program.o
                0x0000000000000f38                SSD_DisplayNo
 .text.Led_Init
                0x0000000000000f92       0x24 ./Hal/Led/Led_Program.o
                0x0000000000000f92                Led_Init
 .text.Led_On   0x0000000000000fb6       0x56 ./Hal/Led/Led_Program.o
                0x0000000000000fb6                Led_On
 .text.Led_Off  0x000000000000100c       0x42 ./Hal/Led/Led_Program.o
                0x000000000000100c                Led_Off
 .text.Led_Toggle
                0x000000000000104e       0x22 ./Hal/Led/Led_Program.o
                0x000000000000104e                Led_Toggle
 .text.LCD_Init
                0x0000000000001070      0x3f6 ./Hal/LCD/LCD_Program.o
                0x0000000000001070                LCD_Init
 .text.LCD_SendCommand
                0x0000000000001466      0x13e ./Hal/LCD/LCD_Program.o
                0x0000000000001466                LCD_SendCommand
 .text.LCD_WriteCharacter
                0x00000000000015a4      0x13e ./Hal/LCD/LCD_Program.o
                0x00000000000015a4                LCD_WriteCharacter
 .text.LCD_WriteString
                0x00000000000016e2       0x5c ./Hal/LCD/LCD_Program.o
                0x00000000000016e2                LCD_WriteString
 .text.LCD_MoveTo
                0x000000000000173e       0x46 ./Hal/LCD/LCD_Program.o
                0x000000000000173e                LCD_MoveTo
 .text.LCD_StoreSpecialCharacter
                0x0000000000001784       0x78 ./Hal/LCD/LCD_Program.o
                0x0000000000001784                LCD_StoreSpecialCharacter
 .text.LCD_WriteNumber
                0x00000000000017fc      0x12c ./Hal/LCD/LCD_Program.o
                0x00000000000017fc                LCD_WriteNumber
 .text.KPD_Init
                0x0000000000001928      0x146 ./Hal/KPD/KPD_Program.o
                0x0000000000001928                KPD_Init
 .text.KPD_GetKPDValue
                0x0000000000001a6e      0x2d6 ./Hal/KPD/KPD_Program.o
                0x0000000000001a6e                KPD_GetKPDValue
 .text.DC_Init  0x0000000000001d44       0x84 ./Hal/DcMotor/DcMotor_Program.o
                0x0000000000001d44                DC_Init
 .text.DC_On    0x0000000000001dc8       0x46 ./Hal/DcMotor/DcMotor_Program.o
                0x0000000000001dc8                DC_On
 .text.DC_Off   0x0000000000001e0e       0x84 ./Hal/DcMotor/DcMotor_Program.o
                0x0000000000001e0e                DC_Off
 .text.DC_OnCW  0x0000000000001e92       0x5e ./Hal/DcMotor/DcMotor_Program.o
                0x0000000000001e92                DC_OnCW
 .text.DC_OnCCW
                0x0000000000001ef0       0x5e ./Hal/DcMotor/DcMotor_Program.o
                0x0000000000001ef0                DC_OnCCW
 .text.App_TickUpdate
                0x0000000000001f4e       0x36 ./main.o
                0x0000000000001f4e                App_TickUpdate
 .text.main     0x0000000000001f84       0xf0 ./main.o
                0x0000000000001f84                main
 .text.ButtonLedAPP
                0x0000000000002074       0x18 ./main.o
                0x0000000000002074                ButtonLedAPP
 .text.libgcc.mul
                0x000000000000208c        0x0 /usr/lib/gcc/avr/7.3.0/avr5/libgcc.a(_divmodsi4.o)
 .text.libgcc.div
                0x000000000000208c       0x2e /usr/lib/gcc/avr/7.3.0/avr5/libgcc.a(_divmodsi4.o)
                0x000000000000208c                __divmodsi4
 .text.libgcc   0x00000000000020ba        0x0 /usr/lib/gcc/avr/7.3.0/avr5/libgcc.a(_divmodsi4.o)
 .text.libgcc.prologue
                0x00000000000020ba        0x0 /usr/lib/gcc/avr/7.3.0/avr5/libgcc.a(_divmodsi4.o)
 .text.libgcc.builtins
                0x00000000000020ba        0x0 /usr/lib/gcc/avr/7.3.0/avr5/libgcc.a(_divmodsi4.o)
 .text.libgcc.fmul
                0x00000000000020ba        0x0 /usr/lib/gcc/avr/7.3.0/avr5/libgcc.a(_divmodsi4.o)
 .text.libgcc.fixed
                0x00000000000020ba        0x0 /usr/lib/gcc/avr/7.3.0/avr5/libgcc.a(_divmodsi4.o)
 .text.libgcc.mul
                0x00000000000020ba        0x0 /usr/lib/gcc/avr/7.3.0/avr5/libgcc.a(_negsi2.o)
 .text.libgcc.div
                0x00000000000020ba       0x10 /usr/lib/gcc/avr/7.3.0/avr5/libgcc.a(_negsi2.o)
                0x00000000000020ba                __negsi2
 .text.libgcc   0x00000000000020ca        0x0 /usr/lib/gcc/avr/7.3.0/avr5/libgcc.a(_negsi2.o)
 .text.libgcc.prologue
                0x00000000000020ca        0x0 /usr/lib/gcc/avr/7.3.0/avr5/libgcc.a(_negsi2.o)
 .text.libgcc.builtins
                0x00000000000020ca        0x0 /usr/lib/gcc/avr/7.3.0/avr5/libgcc.a(_negsi2.o)
 .text.libgcc.fmul
                0x00000000000020ca        0x0 /usr/lib/gcc/avr/7.3.0/avr5/libgcc.a(_negsi2.o)
 .text.libgcc.fixed
                0x00000000000020ca        0x0 /usr/lib/gcc/avr/7.3.0/avr5/libgcc.a(_negsi2.o)
 .text.libgcc.mul
                0x00000000000020ca        0x0 /usr/lib/gcc/avr/7.3.0/avr5/libgcc.a(_exit.o)
 .text.libgcc.div
                0x00000000000020ca        0x0 /usr/lib/gcc/avr/7.3.0/avr5/libgcc.a(_exit.o)
 .text.libgcc   0x00000000000020ca        0x0 /usr/lib/gcc/avr/7.3.0/avr5/libgcc.a(_exit.o)
 .text.libgcc.prologue
                0x00000000000020ca        0x0 /usr/lib/gcc/avr/7.3.0/avr5/libgcc.a(_exit.o)
 .text.libgcc.builtins
                0x00000000000020ca        0x0 /usr/lib/gcc/avr/7.3.0/avr5/libgcc.a(_exit.o)
 .text.libgcc.fmul
                0x00000000000020ca        0x0 /usr/lib/gcc/avr/7.3.0/avr5/libgcc.a(_exit.o)
 .text.libgcc.fixed
                0x00000000000020ca        0x0 /usr/lib/gcc/avr/7.3.0/avr5/libgcc.a(_exit.o)
 .text.libgcc.mul
                0x00000000000020ca        0x0 /usr/lib/gcc/avr/7.3.0/avr5/libgcc.a(_copy_data.o)
 .text.libgcc.div
                0x00000000000020ca        0x0 /usr/lib/gcc/avr/7.3.0/avr5/libgcc.a(_copy_data.o)
 .text.libgcc   0x00000000000020ca        0x0 /usr/lib/gcc/avr/7.3.0/avr5/libgcc.a(_copy_data.o)
 .text.libgcc.prologue
                0x00000000000020ca        0x0 /usr/lib/gcc/avr/7.3.0/avr5/libgcc.a(_copy_data.o)
 .text.libgcc.builtins
                0x00000000000020ca        0x0 /usr/lib/gcc/avr/7.3.0/avr5/libgcc.a(_copy_data.o)
 .text.libgcc.fmul
                0x00000000000020ca        0x0 /usr/lib/gcc/avr/7.3.0/avr5/libgcc.a(_copy_data.o)
 .text.libgcc.fixed
                0x00000000000020ca        0x0 /usr/lib/gcc/avr/7.3.0/avr5/libgcc.a(_copy_data.o)
 .text.libgcc.mul
                0x00000000000020ca        0x0 /usr/lib/gcc/avr/7.3.0/avr5/libgcc.a(_clear_bss.o)
 .text.libgcc.div
                0x00000000000020ca        0x0 /usr/lib/gcc/avr/7.3.0/avr5/libgcc.a(_clear_bss.o)
 .text.libgcc   0x00000000000020ca        0x0 /usr/lib/gcc/avr/7.3.0/avr5/libgcc.a(_clear_bss.o)
 .text.libgcc.prologue
                0x00000000000020ca        0x0 /usr/lib/gcc/avr/7.3.0/avr5/libgcc.a(_clear_bss.o)
 .text.libgcc.builtins
                0x00000000000020ca        0x0 /usr/lib/gcc/avr/7.3.0/avr5/libgcc.a(_clear_bss.o)
 .text.libgcc.fmul
                0x00000000000020ca        0x0 /usr/lib/gcc/avr/7.3.0/avr5/libgcc.a(_clear_bss.o)
 .text.libgcc.fixed
                0x00000000000020ca        0x0 /usr/lib/gcc/avr/7.3.0/avr5/libgcc.a(_clear_bss.o)
 .text.libgcc.mul
                0x00000000000020ca        0x0 /usr/lib/gcc/avr/7.3.0/avr5/libgcc.a(_udivmodsi4.o)
 .text.libgcc.div
                0x00000000000020ca       0x44 /usr/lib/gcc/avr/7.3.0/avr5/libgcc.a(_udivmodsi4.o)
                0x00000000000020ca                __udivmodsi4
 .text.libgcc   0x000000000000210e        0x0 /usr/lib/gcc/avr/7.3.0/avr5/libgcc.a(_udivmodsi4.o)
 .text.libgcc.prologue
                0x000000000000210e        0x0 /usr/lib/gcc/avr/7.3.0/avr5/libgcc.a(_udivmodsi4.o)
 .text.libgcc.builtins
                0x000000000000210e        0x0 /usr/lib/gcc/avr/7.3.0/avr5/libgcc.a(_udivmodsi4.o)
 .text.libgcc.fmul
                0x000000000000210e        0x0 /usr/lib/gcc/avr/7.3.0/avr5/libgcc.a(_udivmodsi4.o)
 .text.libgcc.fixed
                0x000000000000210e        0x0 /usr/lib/gcc/avr/7.3.0/avr5/libgcc.a(_udivmodsi4.o)
 .text.avr-libc.fplib
                0x000000000000210e        0xa /usr/lib/gcc/avr/7.3.0/../../../avr/lib/avr5/libm.a(cmpsf2.o)
                0x000000000000210e                __lesf2
                0x000000000000210e                __nesf2
                0x000000000000210e                __eqsf2
                0x000000000000210e                __cmpsf2
                0x000000000000210e                __ltsf2
 .text.avr-libc.fplib
                0x0000000000002118       0x5e /usr/lib/gcc/avr/7.3.0/../../../avr/lib/avr5/libm.a(fixunssfsi.o)
                0x0000000000002118                __fixunssfsi
 .text.avr-libc.fplib
                0x0000000000002176       0x48 /usr/lib/gcc/avr/7.3.0/../../../avr/lib/avr5/libm.a(fp_cmp.o)
                0x0000000000002176                __fp_cmp
 .text.avr-libc.fplib
                0x00000000000021be       0x44 /usr/lib/gcc/avr/7.3.0/../../../avr/lib/avr5/libm.a(fp_split3.o)
                0x00000000000021be                __fp_split3
                0x00000000000021ce                __fp_splitA
 .text.avr-libc.fplib
                0x0000000000002202        0xe /usr/lib/gcc/avr/7.3.0/../../../avr/lib/avr5/libm.a(fp_zero.o)
                0x0000000000002202                __fp_zero
                0x0000000000002204                __fp_szero
 .text.avr-libc.fplib
                0x0000000000002210        0xa /usr/lib/gcc/avr/7.3.0/../../../avr/lib/avr5/libm.a(gesf2.o)
                0x0000000000002210                __gtsf2
                0x0000000000002210                __gesf2
 .text.avr-libc.fplib
                0x000000000000221a        0x8 /usr/lib/gcc/avr/7.3.0/../../../avr/lib/avr5/libm.a(mulsf3.o)
                0x000000000000221a                __mulsf3
 .text.avr-libc.fplib
                0x0000000000002222       0xd2 /usr/lib/gcc/avr/7.3.0/../../../avr/lib/avr5/libm.a(mulsf3x.o)
                0x0000000000002240                __mulsf3x
                0x0000000000002246                __mulsf3_pse
 .text.avr-libc.fplib
                0x00000000000022f4        0xc /usr/lib/gcc/avr/7.3.0/../../../avr/lib/avr5/libm.a(fp_inf.o)
                0x00000000000022f4                __fp_inf
 .text.avr-libc.fplib
                0x0000000000002300        0x6 /usr/lib/gcc/avr/7.3.0/../../../avr/lib/avr5/libm.a(fp_nan.o)
                0x0000000000002300                __fp_nan
 .text.avr-libc.fplib
                0x0000000000002306        0xe /usr/lib/gcc/avr/7.3.0/../../../avr/lib/avr5/libm.a(fp_pscA.o)
                0x0000000000002306                __fp_pscA
 .text.avr-libc.fplib
                0x0000000000002314        0xe /usr/lib/gcc/avr/7.3.0/../../../avr/lib/avr5/libm.a(fp_pscB.o)
                0x0000000000002314                __fp_pscB
 .text.avr-libc.fplib
                0x0000000000002322       0x22 /usr/lib/gcc/avr/7.3.0/../../../avr/lib/avr5/libm.a(fp_round.o)
                0x0000000000002322                __fp_round
                0x0000000000002344                . = ALIGN (0x2)
 *(.fini9)
 .fini9         0x0000000000002344        0x0 /usr/lib/gcc/avr/7.3.0/avr5/libgcc.a(_exit.o)
                0x0000000000002344                exit
                0x0000000000002344                _exit
 *(.fini9)
 *(.fini8)
 *(.fini8)
 *(.fini7)
 *(.fini7)
 *(.fini6)
 *(.fini6)
 *(.fini5)
 *(.fini5)
 *(.fini4)
 *(.fini4)
 *(.fini3)
 *(.fini3)
 *(.fini2)
 *(.fini2)
 *(.fini1)
 *(.fini1)
 *(.fini0)
 .fini0         0x0000000000002344        0x4 /usr/lib/gcc/avr/7.3.0/avr5/libgcc.a(_exit.o)
 *(.fini0)
                0x0000000000002348                _etext = .

.data           0x0000000000800060       0x1c load address 0x0000000000002348
                0x0000000000800060                PROVIDE (__data_start, .)
 *(.data)
 .data          0x0000000000800060        0x0 /usr/lib/gcc/avr/7.3.0/../../../avr/lib/avr5/crtatmega32.o
 .data          0x0000000000800060        0x0 ./Mcal/Timer0/T0_Program.o
 .data          0x0000000000800060        0x0 ./Mcal/GIE/GIE_Program.o
 .data          0x0000000000800060        0x0 ./Mcal/EXTI/EXTI_Progrma.o
 .data          0x0000000000800060        0x0 ./Mcal/DIO/DIO_Program.o
 .data          0x0000000000800060        0x0 ./Mcal/ADC/ADC_Program.o
 .data          0x0000000000800060        0x0 ./Hal/SevSeg/SevSeg_Program.o
 .data          0x0000000000800060        0x0 ./Hal/Led/Led_Program.o
 .data          0x0000000000800060        0x0 ./Hal/LCD/LCD_Program.o
 .data          0x0000000000800060        0x0 ./Hal/KPD/KPD_Program.o
 .data          0x0000000000800060        0x0 ./Hal/DcMotor/DcMotor_Program.o
 .data          0x0000000000800060        0x0 ./Hal/Buzzer/Buzzer_Program.o
 .data          0x0000000000800060        0x0 ./Hal/Button/Btn_Program.o
 .data          0x0000000000800060        0x0 ./App/App1/App.o
 .data          0x0000000000800060        0x0 ./main.o
 .data          0x0000000000800060        0x0 /usr/lib/gcc/avr/7.3.0/avr5/libgcc.a(_divmodsi4.o)
 .data          0x0000000000800060        0x0 /usr/lib/gcc/avr/7.3.0/avr5/libgcc.a(_negsi2.o)
 .data          0x0000000000800060        0x0 /usr/lib/gcc/avr/7.3.0/avr5/libgcc.a(_exit.o)
 .data          0x0000000000800060        0x0 /usr/lib/gcc/avr/7.3.0/avr5/libgcc.a(_copy_data.o)
 .data          0x0000000000800060        0x0 /usr/lib/gcc/avr/7.3.0/avr5/libgcc.a(_clear_bss.o)
 .data          0x0000000000800060        0x0 /usr/lib/gcc/avr/7.3.0/avr5/libgcc.a(_udivmodsi4.o)
 .data          0x0000000000800060        0x0 /usr/lib/gcc/avr/7.3.0/../../../avr/lib/avr5/libm.a(cmpsf2.o)
 .data          0x0000000000800060        0x0 /usr/lib/gcc/avr/7.3.0/../../../avr/lib/avr5/libm.a(fixunssfsi.o)
 .data          0x0000000000800060        0x0 /usr/lib/gcc/avr/7.3.0/../../../avr/lib/avr5/libm.a(fp_cmp.o)
 .data          0x0000000000800060        0x0 /usr/lib/gcc/avr/7.3.0/../../../avr/lib/avr5/libm.a(fp_split3.o)
 .data          0x0000000000800060        0x0 /usr/lib/gcc/avr/7.3.0/../../../avr/lib/avr5/libm.a(fp_zero.o)
 .data          0x0000000000800060        0x0 /usr/lib/gcc/avr/7.3.0/../../../avr/lib/avr5/libm.a(gesf2.o)
 .data          0x0000000000800060        0x0 /usr/lib/gcc/avr/7.3.0/../../../avr/lib/avr5/libm.a(mulsf3.o)
 .data          0x0000000000800060        0x0 /usr/lib/gcc/avr/7.3.0/../../../avr/lib/avr5/libm.a(mulsf3x.o)
 .data          0x0000000000800060        0x0 /usr/lib/gcc/avr/7.3.0/../../../avr/lib/avr5/libm.a(fp_inf.o)
 .data          0x0000000000800060        0x0 /usr/lib/gcc/avr/7.3.0/../../../avr/lib/avr5/libm.a(fp_nan.o)
 .data          0x0000000000800060        0x0 /usr/lib/gcc/avr/7.3.0/../../../avr/lib/avr5/libm.a(fp_pscA.o)
 .data          0x0000000000800060        0x0 /usr/lib/gcc/avr/7.3.0/../../../avr/lib/avr5/libm.a(fp_pscB.o)
 .data          0x0000000000800060        0x0 /usr/lib/gcc/avr/7.3.0/../../../avr/lib/avr5/libm.a(fp_round.o)
 *(.data*)
 .data.T0_PreloadValue
                0x0000000000800060        0x2 ./Mcal/Timer0/T0_Program.o
 .data.SSDAnodeNumber
                0x0000000000800062        0xa ./Hal/SevSeg/SevSeg_Program.o
 *(.gnu.linkonce.d*)
 *(.rodata)
 .rodata        0x000000000080006c       0x10 ./Hal/KPD/KPD_Program.o
 *(.rodata*)
 *(.gnu.linkonce.r*)
                0x000000000080007c                . = ALIGN (0x2)
                0x000000000080007c                _edata = .
                0x000000000080007c                PROVIDE (__data_end, .)

.bss            0x000000000080007c       0x11
                0x000000000080007c                PROVIDE (__bss_start, .)
 *(.bss)
 .bss           0x000000000080007c        0x0 /usr/lib/gcc/avr/7.3.0/../../../avr/lib/avr5/crtatmega32.o
 .bss           0x000000000080007c        0x0 ./Mcal/Timer0/T0_Program.o
 .bss           0x000000000080007c        0x0 ./Mcal/GIE/GIE_Program.o
 .bss           0x000000000080007c        0x0 ./Mcal/EXTI/EXTI_Progrma.o
 .bss           0x000000000080007c        0x0 ./Mcal/DIO/DIO_Program.o
 .bss           0x000000000080007c        0x0 ./Mcal/ADC/ADC_Program.o
 .bss           0x000000000080007c        0x0 ./Hal/SevSeg/SevSeg_Program.o
 .bss           0x000000000080007c        0x0 ./Hal/Led/Led_Program.o
 .bss           0x000000000080007c        0x0 ./Hal/LCD/LCD_Program.o
 .bss           0x000000000080007c        0x0 ./Hal/KPD/KPD_Program.o
 .bss           0x000000000080007c        0x0 ./Hal/DcMotor/DcMotor_Program.o
 .bss           0x000000000080007c        0x0 ./Hal/Buzzer/Buzzer_Program.o
 .bss           0x000000000080007c        0x0 ./Hal/Button/Btn_Program.o
 .bss           0x000000000080007c        0x0 ./App/App1/App.o
 .bss           0x000000000080007c        0x0 ./main.o
 .bss           0x000000000080007c        0x0 /usr/lib/gcc/avr/7.3.0/avr5/libgcc.a(_divmodsi4.o)
 .bss           0x000000000080007c        0x0 /usr/lib/gcc/avr/7.3.0/avr5/libgcc.a(_negsi2.o)
 .bss           0x000000000080007c        0x0 /usr/lib/gcc/avr/7.3.0/avr5/libgcc.a(_exit.o)
 .bss           0x000000000080007c        0x0 /usr/lib/gcc/avr/7.3.0/avr5/libgcc.a(_copy_data.o)
 .bss           0x000000000080007c        0x0 /usr/lib/gcc/avr/7.3.0/avr5/libgcc.a(_clear_bss.o)
 .bss           0x000000000080007c        0x0 /usr/lib/gcc/avr/7.3.0/avr5/libgcc.a(_udivmodsi4.o)
 .bss           0x000000000080007c        0x0 /usr/lib/gcc/avr/7.3.0/../../../avr/lib/avr5/libm.a(cmpsf2.o)
 .bss           0x000000000080007c        0x0 /usr/lib/gcc/avr/7.3.0/../../../avr/lib/avr5/libm.a(fixunssfsi.o)
 .bss           0x000000000080007c        0x0 /usr/lib/gcc/avr/7.3.0/../../../avr/lib/avr5/libm.a(fp_cmp.o)
 .bss           0x000000000080007c        0x0 /usr/lib/gcc/avr/7.3.0/../../../avr/lib/avr5/libm.a(fp_split3.o)
 .bss           0x000000000080007c        0x0 /usr/lib/gcc/avr/7.3.0/../../../avr/lib/avr5/libm.a(fp_zero.o)
 .bss           0x000000000080007c        0x0 /usr/lib/gcc/avr/7.3.0/../../../avr/lib/avr5/libm.a(gesf2.o)
 .bss           0x000000000080007c        0x0 /usr/lib/gcc/avr/7.3.0/../../../avr/lib/avr5/libm.a(mulsf3.o)
 .bss           0x000000000080007c        0x0 /usr/lib/gcc/avr/7.3.0/../../../avr/lib/avr5/libm.a(mulsf3x.o)
 .bss           0x000000000080007c        0x0 /usr/lib/gcc/avr/7.3.0/../../../avr/lib/avr5/libm.a(fp_inf.o)
 .bss           0x000000000080007c        0x0 /usr/lib/gcc/avr/7.3.0/../../../avr/lib/avr5/libm.a(fp_nan.o)
 .bss           0x000000000080007c        0x0 /usr/lib/gcc/avr/7.3.0/../../../avr/lib/avr5/libm.a(fp_pscA.o)
 .bss           0x000000000080007c        0x0 /usr/lib/gcc/avr/7.3.0/../../../avr/lib/avr5/libm.a(fp_pscB.o)
 .bss           0x000000000080007c        0x0 /usr/lib/gcc/avr/7.3.0/../../../avr/lib/avr5/libm.a(fp_round.o)
 *(.bss*)
 .bss.NormalPF  0x000000000080007c        0x2 ./Mcal/Timer0/T0_Program.o
 .bss.count.1557
                0x000000000080007e        0x4 ./Mcal/Timer0/T0_Program.o
 .bss.GINT0     0x0000000000800082        0x2 ./Mcal/EXTI/EXTI_Progrma.o
 .bss.GINT1     0x0000000000800084        0x2 ./Mcal/EXTI/EXTI_Progrma.o
 .bss.GINT2     0x0000000000800086        0x2 ./Mcal/EXTI/EXTI_Progrma.o
 .bss.ADC_State
                0x0000000000800088        0x1 ./Mcal/ADC/ADC_Program.o
 .bss.SystemTick
                0x0000000000800089        0x4 ./main.o
 *(COMMON)
                0x000000000080008d                PROVIDE (__bss_end, .)
                0x0000000000002348                __data_load_start = LOADADDR (.data)
                0x0000000000002364                __data_load_end = (__data_load_start + SIZEOF (.data))

.noinit         0x000000000080008d        0x0
                [!provide]                        PROVIDE (__noinit_start, .)
 *(.noinit*)
                [!provide]                        PROVIDE (__noinit_end, .)
                0x000000000080008d                _end = .
                [!provide]                        PROVIDE (__heap_start, .)

.eeprom         0x0000000000810000        0x0
 *(.eeprom*)
                0x0000000000810000                __eeprom_end = .

.fuse
 *(.fuse)
 *(.lfuse)
 *(.hfuse)
 *(.efuse)

.lock
 *(.lock*)

.signature
 *(.signature*)

.user_signatures
 *(.user_signatures*)

.stab           0x0000000000000000     0x4ee4
 *(.stab)
 .stab          0x0000000000000000      0x654 ./Mcal/Timer0/T0_Program.o
 .stab          0x0000000000000654      0x324 ./Mcal/GIE/GIE_Program.o
                                        0x498 (size before relaxing)
 .stab          0x0000000000000978      0x654 ./Mcal/EXTI/EXTI_Progrma.o
                                        0x7c8 (size before relaxing)
 .stab          0x0000000000000fcc      0x9a8 ./Mcal/DIO/DIO_Program.o
                                        0xb1c (size before relaxing)
 .stab          0x0000000000001974      0x6cc ./Mcal/ADC/ADC_Program.o
                                        0x840 (size before relaxing)
 .stab          0x0000000000002040      0x480 ./Hal/SevSeg/SevSeg_Program.o
                                        0x5f4 (size before relaxing)
 .stab          0x00000000000024c0      0x4e0 ./Hal/Led/Led_Program.o
                                        0x654 (size before relaxing)
 .stab          0x00000000000029a0      0xc84 ./Hal/LCD/LCD_Program.o
                                        0xdf8 (size before relaxing)
 .stab          0x0000000000003624      0x774 ./Hal/KPD/KPD_Program.o
                                        0x918 (size before relaxing)
 .stab          0x0000000000003d98      0x594 ./Hal/DcMotor/DcMotor_Program.o
                                        0x708 (size before relaxing)
 .stab          0x000000000000432c      0x27c ./Hal/Buzzer/Buzzer_Program.o
                                        0x288 (size before relaxing)
 .stab          0x00000000000045a8      0x27c ./Hal/Button/Btn_Program.o
                                        0x288 (size before relaxing)
 .stab          0x0000000000004824      0x27c ./App/App1/App.o
                                        0x288 (size before relaxing)
 .stab          0x0000000000004aa0      0x444 ./main.o
                                        0x6fc (size before relaxing)

.stabstr        0x0000000000000000     0x2b6d
 *(.stabstr)
 .stabstr       0x0000000000000000     0x2b6d ./Mcal/Timer0/T0_Program.o

.stab.excl
 *(.stab.excl)

.stab.exclstr
 *(.stab.exclstr)

.stab.index
 *(.stab.index)

.stab.indexstr
 *(.stab.indexstr)

.comment        0x0000000000000000       0x11
 *(.comment)
 .comment       0x0000000000000000       0x11 ./Mcal/Timer0/T0_Program.o
                                         0x12 (size before relaxing)
 .comment       0x0000000000000011       0x12 ./Mcal/GIE/GIE_Program.o
 .comment       0x0000000000000011       0x12 ./Mcal/EXTI/EXTI_Progrma.o
 .comment       0x0000000000000011       0x12 ./Mcal/DIO/DIO_Program.o
 .comment       0x0000000000000011       0x12 ./Mcal/ADC/ADC_Program.o
 .comment       0x0000000000000011       0x12 ./Hal/SevSeg/SevSeg_Program.o
 .comment       0x0000000000000011       0x12 ./Hal/Led/Led_Program.o
 .comment       0x0000000000000011       0x12 ./Hal/LCD/LCD_Program.o
 .comment       0x0000000000000011       0x12 ./Hal/KPD/KPD_Program.o
 .comment       0x0000000000000011       0x12 ./Hal/DcMotor/DcMotor_Program.o
 .comment       0x0000000000000011       0x12 ./Hal/Buzzer/Buzzer_Program.o
 .comment       0x0000000000000011       0x12 ./Hal/Button/Btn_Program.o
 .comment       0x0000000000000011       0x12 ./App/App1/App.o
 .comment       0x0000000000000011       0x12 ./main.o

.note.gnu.avr.deviceinfo
                0x0000000000000000       0x3c
 .note.gnu.avr.deviceinfo
                0x0000000000000000       0x3c /usr/lib/gcc/avr/7.3.0/../../../avr/lib/avr5/crtatmega32.o

.note.gnu.build-id
 *(.note.gnu.build-id)

.debug
 *(.debug)

.line
 *(.line)

.debug_srcinfo
 *(.debug_srcinfo)

.debug_sfnames
 *(.debug_sfnames)

.debug_aranges
 *(.debug_aranges)

.debug_pubnames
 *(.debug_pubnames)

.debug_info     0x0000000000000000      0x4e6
 *(.debug_info .gnu.linkonce.wi.*)
 .debug_info    0x0000000000000000      0x4e6 /usr/lib/gcc/avr/7.3.0/../../../avr/lib/avr5/crtatmega32.o

.debug_abbrev   0x0000000000000000      0x4a3
 *(.debug_abbrev)
 .debug_abbrev  0x0000000000000000      0x4a3 /usr/lib/gcc/avr/7.3.0/../../../avr/lib/avr5/crtatmega32.o

.debug_line     0x0000000000000000       0x1a
 *(.debug_line .debug_line.* .debug_line_end)
 .debug_line    0x0000000000000000       0x1a /usr/lib/gcc/avr/7.3.0/../../../avr/lib/avr5/crtatmega32.o

.debug_frame
 *(.debug_frame)

.debug_str      0x0000000000000000      0x196
 *(.debug_str)
 .debug_str     0x0000000000000000      0x196 /usr/lib/gcc/avr/7.3.0/../../../avr/lib/avr5/crtatmega32.o

.debug_loc
 *(.debug_loc)

.debug_macinfo
 *(.debug_macinfo)

.debug_weaknames
 *(.debug_weaknames)

.debug_funcnames
 *(.debug_funcnames)

.debug_typenames
 *(.debug_typenames)

.debug_varnames
 *(.debug_varnames)

.debug_pubtypes
 *(.debug_pubtypes)

.debug_ranges
 *(.debug_ranges)

.debug_macro
 *(.debug_macro)
OUTPUT(Atmega32Driver.elf elf32-avr)
LOAD linker stubs
